Archive member included to satisfy reference by file (symbol)

/media/christoph/ext1TB/projekte/37_RC/git-firmware-dev/AM32-MultiRotor-ESC-firmware/tools/gcc-arm-none-eabi-9-2020-q2-update/bin/../lib/gcc/arm-none-eabi/9.3.1/../../../../arm-none-eabi/lib/thumb/v7e-m/nofp/libc_nano.a(lib_a-exit.o)
                              /media/christoph/ext1TB/projekte/37_RC/git-firmware-dev/AM32-MultiRotor-ESC-firmware/tools/gcc-arm-none-eabi-9-2020-q2-update/bin/../lib/gcc/arm-none-eabi/9.3.1/../../../../arm-none-eabi/lib/thumb/v7e-m/nofp/crt0.o (exit)
/media/christoph/ext1TB/projekte/37_RC/git-firmware-dev/AM32-MultiRotor-ESC-firmware/tools/gcc-arm-none-eabi-9-2020-q2-update/bin/../lib/gcc/arm-none-eabi/9.3.1/../../../../arm-none-eabi/lib/thumb/v7e-m/nofp/libc_nano.a(lib_a-impure.o)
                              /media/christoph/ext1TB/projekte/37_RC/git-firmware-dev/AM32-MultiRotor-ESC-firmware/tools/gcc-arm-none-eabi-9-2020-q2-update/bin/../lib/gcc/arm-none-eabi/9.3.1/../../../../arm-none-eabi/lib/thumb/v7e-m/nofp/libc_nano.a(lib_a-exit.o) (_global_impure_ptr)
/media/christoph/ext1TB/projekte/37_RC/git-firmware-dev/AM32-MultiRotor-ESC-firmware/tools/gcc-arm-none-eabi-9-2020-q2-update/bin/../lib/gcc/arm-none-eabi/9.3.1/../../../../arm-none-eabi/lib/thumb/v7e-m/nofp/libc_nano.a(lib_a-init.o)
                              /media/christoph/ext1TB/projekte/37_RC/git-firmware-dev/AM32-MultiRotor-ESC-firmware/tools/gcc-arm-none-eabi-9-2020-q2-update/bin/../lib/gcc/arm-none-eabi/9.3.1/../../../../arm-none-eabi/lib/thumb/v7e-m/nofp/crt0.o (__libc_init_array)
/media/christoph/ext1TB/projekte/37_RC/git-firmware-dev/AM32-MultiRotor-ESC-firmware/tools/gcc-arm-none-eabi-9-2020-q2-update/bin/../lib/gcc/arm-none-eabi/9.3.1/../../../../arm-none-eabi/lib/thumb/v7e-m/nofp/libc_nano.a(lib_a-memset.o)
                              /media/christoph/ext1TB/projekte/37_RC/git-firmware-dev/AM32-MultiRotor-ESC-firmware/tools/gcc-arm-none-eabi-9-2020-q2-update/bin/../lib/gcc/arm-none-eabi/9.3.1/../../../../arm-none-eabi/lib/thumb/v7e-m/nofp/crt0.o (memset)
/media/christoph/ext1TB/projekte/37_RC/git-firmware-dev/AM32-MultiRotor-ESC-firmware/tools/gcc-arm-none-eabi-9-2020-q2-update/bin/../lib/gcc/arm-none-eabi/9.3.1/../../../../arm-none-eabi/lib/thumb/v7e-m/nofp/libnosys.a(_exit.o)
                              /media/christoph/ext1TB/projekte/37_RC/git-firmware-dev/AM32-MultiRotor-ESC-firmware/tools/gcc-arm-none-eabi-9-2020-q2-update/bin/../lib/gcc/arm-none-eabi/9.3.1/../../../../arm-none-eabi/lib/thumb/v7e-m/nofp/libc_nano.a(lib_a-exit.o) (_exit)

Allocating common symbols
Common symbol       size              file

uwTick              0x4               build/stm32wlxx_hal.o

Discarded input sections

 .text          0x0000000000000000        0x0 /media/christoph/ext1TB/projekte/37_RC/git-firmware-dev/AM32-MultiRotor-ESC-firmware/tools/gcc-arm-none-eabi-9-2020-q2-update/bin/../lib/gcc/arm-none-eabi/9.3.1/thumb/v7e-m/nofp/crti.o
 .data          0x0000000000000000        0x0 /media/christoph/ext1TB/projekte/37_RC/git-firmware-dev/AM32-MultiRotor-ESC-firmware/tools/gcc-arm-none-eabi-9-2020-q2-update/bin/../lib/gcc/arm-none-eabi/9.3.1/thumb/v7e-m/nofp/crti.o
 .bss           0x0000000000000000        0x0 /media/christoph/ext1TB/projekte/37_RC/git-firmware-dev/AM32-MultiRotor-ESC-firmware/tools/gcc-arm-none-eabi-9-2020-q2-update/bin/../lib/gcc/arm-none-eabi/9.3.1/thumb/v7e-m/nofp/crti.o
 .data          0x0000000000000000        0x4 /media/christoph/ext1TB/projekte/37_RC/git-firmware-dev/AM32-MultiRotor-ESC-firmware/tools/gcc-arm-none-eabi-9-2020-q2-update/bin/../lib/gcc/arm-none-eabi/9.3.1/thumb/v7e-m/nofp/crtbegin.o
 .text          0x0000000000000000       0x7c /media/christoph/ext1TB/projekte/37_RC/git-firmware-dev/AM32-MultiRotor-ESC-firmware/tools/gcc-arm-none-eabi-9-2020-q2-update/bin/../lib/gcc/arm-none-eabi/9.3.1/../../../../arm-none-eabi/lib/thumb/v7e-m/nofp/crt0.o
 .data          0x0000000000000000        0x0 /media/christoph/ext1TB/projekte/37_RC/git-firmware-dev/AM32-MultiRotor-ESC-firmware/tools/gcc-arm-none-eabi-9-2020-q2-update/bin/../lib/gcc/arm-none-eabi/9.3.1/../../../../arm-none-eabi/lib/thumb/v7e-m/nofp/crt0.o
 .bss           0x0000000000000000        0x0 /media/christoph/ext1TB/projekte/37_RC/git-firmware-dev/AM32-MultiRotor-ESC-firmware/tools/gcc-arm-none-eabi-9-2020-q2-update/bin/../lib/gcc/arm-none-eabi/9.3.1/../../../../arm-none-eabi/lib/thumb/v7e-m/nofp/crt0.o
 .ARM.extab     0x0000000000000000        0x0 /media/christoph/ext1TB/projekte/37_RC/git-firmware-dev/AM32-MultiRotor-ESC-firmware/tools/gcc-arm-none-eabi-9-2020-q2-update/bin/../lib/gcc/arm-none-eabi/9.3.1/../../../../arm-none-eabi/lib/thumb/v7e-m/nofp/crt0.o
 .ARM.exidx     0x0000000000000000       0x10 /media/christoph/ext1TB/projekte/37_RC/git-firmware-dev/AM32-MultiRotor-ESC-firmware/tools/gcc-arm-none-eabi-9-2020-q2-update/bin/../lib/gcc/arm-none-eabi/9.3.1/../../../../arm-none-eabi/lib/thumb/v7e-m/nofp/crt0.o
 .ARM.attributes
[...]
Memory Configuration

Name             Origin             Length             Attributes
ROM              0x0000000008000000 0x0000000000040000 xr
RAM1             0x0000000020000000 0x0000000000008000 xrw
RAM2             0x0000000020008000 0x0000000000008000 xrw
*default*        0x0000000000000000 0xffffffffffffffff

Linker script and memory map

LOAD /media/christoph/ext1TB/projekte/37_RC/git-firmware-dev/AM32-MultiRotor-ESC-firmware/tools/gcc-arm-none-eabi-9-2020-q2-update/bin/../lib/gcc/arm-none-eabi/9.3.1/thumb/v7e-m/nofp/crti.o
LOAD /media/christoph/ext1TB/projekte/37_RC/git-firmware-dev/AM32-MultiRotor-ESC-firmware/tools/gcc-arm-none-eabi-9-2020-q2-update/bin/../lib/gcc/arm-none-eabi/9.3.1/thumb/v7e-m/nofp/crtbegin.o
LOAD /media/christoph/ext1TB/projekte/37_RC/git-firmware-dev/AM32-MultiRotor-ESC-firmware/tools/gcc-arm-none-eabi-9-2020-q2-update/bin/../lib/gcc/arm-none-eabi/9.3.1/../../../../arm-none-eabi/lib/thumb/v7e-m/nofp/crt0.o
LOAD build/main.o
LOAD build/gpio.o
LOAD build/stm32wlxx_it.o
LOAD build/stm32wlxx_hal_msp.o
LOAD build/stm32wlxx_hal_tim.o
LOAD build/stm32wlxx_hal_tim_ex.o
LOAD build/stm32wlxx_hal_pwr.o
LOAD build/stm32wlxx_hal_pwr_ex.o
LOAD build/stm32wlxx_hal_rcc.o
LOAD build/stm32wlxx_hal_rcc_ex.o
LOAD build/stm32wlxx_hal_flash.o
LOAD build/stm32wlxx_hal_flash_ex.o
LOAD build/stm32wlxx_hal_gpio.o
LOAD build/stm32wlxx_hal_dma.o
LOAD build/stm32wlxx_hal_dma_ex.o
LOAD build/stm32wlxx_hal_cortex.o
LOAD build/stm32wlxx_hal.o
LOAD build/stm32wlxx_hal_exti.o
LOAD build/system_stm32wlxx.o
LOAD build/startup_stm32wle5xx.o
LOAD /media/christoph/ext1TB/projekte/37_RC/git-firmware-dev/AM32-MultiRotor-ESC-firmware/tools/gcc-arm-none-eabi-9-2020-q2-update/bin/../lib/gcc/arm-none-eabi/9.3.1/../../../../arm-none-eabi/lib/thumb/v7e-m/nofp/libc_nano.a
LOAD /media/christoph/ext1TB/projekte/37_RC/git-firmware-dev/AM32-MultiRotor-ESC-firmware/tools/gcc-arm-none-eabi-9-2020-q2-update/bin/../lib/gcc/arm-none-eabi/9.3.1/../../../../arm-none-eabi/lib/thumb/v7e-m/nofp/libm.a
LOAD /media/christoph/ext1TB/projekte/37_RC/git-firmware-dev/AM32-MultiRotor-ESC-firmware/tools/gcc-arm-none-eabi-9-2020-q2-update/bin/../lib/gcc/arm-none-eabi/9.3.1/../../../../arm-none-eabi/lib/thumb/v7e-m/nofp/libnosys.a
START GROUP
LOAD /media/christoph/ext1TB/projekte/37_RC/git-firmware-dev/AM32-MultiRotor-ESC-firmware/tools/gcc-arm-none-eabi-9-2020-q2-update/bin/../lib/gcc/arm-none-eabi/9.3.1/thumb/v7e-m/nofp/libgcc.a
LOAD /media/christoph/ext1TB/projekte/37_RC/git-firmware-dev/AM32-MultiRotor-ESC-firmware/tools/gcc-arm-none-eabi-9-2020-q2-update/bin/../lib/gcc/arm-none-eabi/9.3.1/../../../../arm-none-eabi/lib/thumb/v7e-m/nofp/libc_nano.a
END GROUP
START GROUP
LOAD /media/christoph/ext1TB/projekte/37_RC/git-firmware-dev/AM32-MultiRotor-ESC-firmware/tools/gcc-arm-none-eabi-9-2020-q2-update/bin/../lib/gcc/arm-none-eabi/9.3.1/thumb/v7e-m/nofp/libgcc.a
LOAD /media/christoph/ext1TB/projekte/37_RC/git-firmware-dev/AM32-MultiRotor-ESC-firmware/tools/gcc-arm-none-eabi-9-2020-q2-update/bin/../lib/gcc/arm-none-eabi/9.3.1/../../../../arm-none-eabi/lib/thumb/v7e-m/nofp/libc_nano.a
END GROUP
LOAD /media/christoph/ext1TB/projekte/37_RC/git-firmware-dev/AM32-MultiRotor-ESC-firmware/tools/gcc-arm-none-eabi-9-2020-q2-update/bin/../lib/gcc/arm-none-eabi/9.3.1/thumb/v7e-m/nofp/crtend.o
LOAD /media/christoph/ext1TB/projekte/37_RC/git-firmware-dev/AM32-MultiRotor-ESC-firmware/tools/gcc-arm-none-eabi-9-2020-q2-update/bin/../lib/gcc/arm-none-eabi/9.3.1/thumb/v7e-m/nofp/crtn.o
                0x0000000020008000                _estack = (ORIGIN (RAM1) + LENGTH (RAM1))
                0x0000000000000200                _Min_Heap_Size = 0x200
                0x0000000000000400                _Min_Stack_Size = 0x400

.isr_vector     0x0000000008000000      0x138
                0x0000000008000000                . = ALIGN (0x8)
 *(.isr_vector)
 .isr_vector    0x0000000008000000      0x138 build/startup_stm32wle5xx.o
                0x0000000008000000                g_pfnVectors
                0x0000000008000138                . = ALIGN (0x8)

.text           0x0000000008000138     0x1008
                0x0000000008000138                . = ALIGN (0x8)
 *(.text)
 .text          0x0000000008000138       0x40 /media/christoph/ext1TB/projekte/37_RC/git-firmware-dev/AM32-MultiRotor-ESC-firmware/tools/gcc-arm-none-eabi-9-2020-q2-update/bin/../lib/gcc/arm-none-eabi/9.3.1/thumb/v7e-m/nofp/crtbegin.o
 *(.text*)
 .text.Error_Handler
                0x0000000008000178        0x4 build/main.o
                0x0000000008000178                Error_Handler
 .text.SystemClock_Config
                0x000000000800017c       0x78 build/main.o
                0x000000000800017c                SystemClock_Config
 .text.main     0x00000000080001f4       0x24 build/main.o
                0x00000000080001f4                main
 .text.MX_GPIO_Init
                0x0000000008000218       0x50 build/gpio.o
                0x0000000008000218                MX_GPIO_Init
 .text.NMI_Handler
                0x0000000008000268        0x2 build/stm32wlxx_it.o
                0x0000000008000268                NMI_Handler
 .text.HardFault_Handler
                0x000000000800026a        0x2 build/stm32wlxx_it.o
                0x000000000800026a                HardFault_Handler
 .text.MemManage_Handler
                0x000000000800026c        0x2 build/stm32wlxx_it.o
                0x000000000800026c                MemManage_Handler
 .text.BusFault_Handler
                0x000000000800026e        0x2 build/stm32wlxx_it.o
                0x000000000800026e                BusFault_Handler
 .text.UsageFault_Handler
                0x0000000008000270        0x2 build/stm32wlxx_it.o
                0x0000000008000270                UsageFault_Handler
 .text.SVC_Handler
                0x0000000008000272        0x2 build/stm32wlxx_it.o
                0x0000000008000272                SVC_Handler
 .text.DebugMon_Handler
                0x0000000008000274        0x2 build/stm32wlxx_it.o
                0x0000000008000274                DebugMon_Handler
 .text.PendSV_Handler
                0x0000000008000276        0x2 build/stm32wlxx_it.o
                0x0000000008000276                PendSV_Handler
 .text.SysTick_Handler
                0x0000000008000278        0x8 build/stm32wlxx_it.o
                0x0000000008000278                SysTick_Handler
 .text.HAL_MspInit
                0x0000000008000280        0x2 build/stm32wlxx_hal_msp.o
                0x0000000008000280                HAL_MspInit
 *fill*         0x0000000008000282        0x2 
 .text.HAL_PWR_EnableBkUpAccess
                0x0000000008000284       0x10 build/stm32wlxx_hal_pwr.o
                0x0000000008000284                HAL_PWR_EnableBkUpAccess
 .text.HAL_PWREx_GetVoltageRange
                0x0000000008000294       0x10 build/stm32wlxx_hal_pwr_ex.o
                0x0000000008000294                HAL_PWREx_GetVoltageRange
 .text.RCC_SetFlashLatency
                0x00000000080002a4       0xb8 build/stm32wlxx_hal_rcc.o
 .text.RCC_SetFlashLatencyFromMSIRange
                0x000000000800035c       0x44 build/stm32wlxx_hal_rcc.o
 .text.HAL_RCC_GetSysClockFreq
                0x00000000080003a0      0x110 build/stm32wlxx_hal_rcc.o
                0x00000000080003a0                HAL_RCC_GetSysClockFreq
 .text.HAL_RCC_GetHCLKFreq
                0x00000000080004b0       0x20 build/stm32wlxx_hal_rcc.o
                0x00000000080004b0                HAL_RCC_GetHCLKFreq
 .text.HAL_RCC_OscConfig
                0x00000000080004d0      0x678 build/stm32wlxx_hal_rcc.o
                0x00000000080004d0                HAL_RCC_OscConfig
 .text.HAL_RCC_ClockConfig
                0x0000000008000b48      0x224 build/stm32wlxx_hal_rcc.o
                0x0000000008000b48                HAL_RCC_ClockConfig
 .text.HAL_GPIO_Init
                0x0000000008000d6c      0x16c build/stm32wlxx_hal_gpio.o
                0x0000000008000d6c                HAL_GPIO_Init
 .text.HAL_GPIO_WritePin
                0x0000000008000ed8        0xa build/stm32wlxx_hal_gpio.o
                0x0000000008000ed8                HAL_GPIO_WritePin
 .text.HAL_GPIO_TogglePin
                0x0000000008000ee2       0x12 build/stm32wlxx_hal_gpio.o
                0x0000000008000ee2                HAL_GPIO_TogglePin
 .text.HAL_NVIC_SetPriorityGrouping
                0x0000000008000ef4       0x24 build/stm32wlxx_hal_cortex.o
                0x0000000008000ef4                HAL_NVIC_SetPriorityGrouping
 .text.HAL_NVIC_SetPriority
                0x0000000008000f18       0x68 build/stm32wlxx_hal_cortex.o
                0x0000000008000f18                HAL_NVIC_SetPriority
 .text.HAL_SYSTICK_Config
                0x0000000008000f80       0x2c build/stm32wlxx_hal_cortex.o
                0x0000000008000f80                HAL_SYSTICK_Config
 .text.HAL_InitTick
                0x0000000008000fac       0x50 build/stm32wlxx_hal.o
                0x0000000008000fac                HAL_InitTick
 .text.HAL_Init
                0x0000000008000ffc       0x2c build/stm32wlxx_hal.o
                0x0000000008000ffc                HAL_Init
 .text.HAL_IncTick
                0x0000000008001028       0x18 build/stm32wlxx_hal.o
                0x0000000008001028                HAL_IncTick
 .text.HAL_GetTick
                0x0000000008001040        0xc build/stm32wlxx_hal.o
                0x0000000008001040                HAL_GetTick
 .text.HAL_Delay
                0x000000000800104c       0x28 build/stm32wlxx_hal.o
                0x000000000800104c                HAL_Delay
 .text.SystemInit
                0x0000000008001074        0x2 build/system_stm32wlxx.o
                0x0000000008001074                SystemInit
 *fill*         0x0000000008001076        0x2 
 .text.Reset_Handler
                0x0000000008001078       0x50 build/startup_stm32wle5xx.o
                0x0000000008001078                Reset_Handler
 .text.Default_Handler
                0x00000000080010c8        0x2 build/startup_stm32wle5xx.o
                0x00000000080010c8                RTC_Alarm_IRQHandler
                0x00000000080010c8                EXTI2_IRQHandler
                0x00000000080010c8                TIM1_CC_IRQHandler
                0x00000000080010c8                EXTI3_IRQHandler
                0x00000000080010c8                LPTIM2_IRQHandler
                0x00000000080010c8                I2C3_ER_IRQHandler
                0x00000000080010c8                LPTIM3_IRQHandler
                0x00000000080010c8                EXTI0_IRQHandler
                0x00000000080010c8                I2C2_EV_IRQHandler
                0x00000000080010c8                TAMP_STAMP_LSECSS_SSRU_IRQHandler
                0x00000000080010c8                SPI1_IRQHandler
                0x00000000080010c8                DMA2_Channel2_IRQHandler
                0x00000000080010c8                DMA1_Channel4_IRQHandler
                0x00000000080010c8                PKA_IRQHandler
                0x00000000080010c8                TIM17_IRQHandler
                0x00000000080010c8                DMA1_Channel7_IRQHandler
                0x00000000080010c8                SUBGHZSPI_IRQHandler
                0x00000000080010c8                DMA2_Channel1_IRQHandler
                0x00000000080010c8                I2C1_EV_IRQHandler
                0x00000000080010c8                SUBGHZ_Radio_IRQHandler
                0x00000000080010c8                DMAMUX1_OVR_IRQHandler
                0x00000000080010c8                DMA1_Channel6_IRQHandler
                0x00000000080010c8                TIM16_IRQHandler
                0x00000000080010c8                DMA2_Channel4_IRQHandler
                0x00000000080010c8                RCC_IRQHandler
                0x00000000080010c8                TIM1_TRG_COM_IRQHandler
                0x00000000080010c8                DMA1_Channel1_IRQHandler
                0x00000000080010c8                Default_Handler
                0x00000000080010c8                DMA2_Channel7_IRQHandler
                0x00000000080010c8                EXTI15_10_IRQHandler
                0x00000000080010c8                ADC_IRQHandler
                0x00000000080010c8                I2C3_EV_IRQHandler
                0x00000000080010c8                EXTI9_5_IRQHandler
                0x00000000080010c8                RTC_WKUP_IRQHandler
                0x00000000080010c8                PVD_PVM_IRQHandler
                0x00000000080010c8                SPI2_IRQHandler
                0x00000000080010c8                DMA2_Channel5_IRQHandler
                0x00000000080010c8                DMA1_Channel5_IRQHandler
                0x00000000080010c8                EXTI4_IRQHandler
                0x00000000080010c8                RNG_IRQHandler
                0x00000000080010c8                DMA1_Channel3_IRQHandler
                0x00000000080010c8                COMP_IRQHandler
                0x00000000080010c8                HSEM_IRQHandler
                0x00000000080010c8                TIM1_UP_IRQHandler
                0x00000000080010c8                WWDG_IRQHandler
                0x00000000080010c8                LPUART1_IRQHandler
                0x00000000080010c8                DMA2_Channel6_IRQHandler
                0x00000000080010c8                TIM2_IRQHandler
                0x00000000080010c8                TIM1_BRK_IRQHandler
                0x00000000080010c8                DAC_IRQHandler
                0x00000000080010c8                EXTI1_IRQHandler
                0x00000000080010c8                AES_IRQHandler
                0x00000000080010c8                USART2_IRQHandler
                0x00000000080010c8                I2C2_ER_IRQHandler
                0x00000000080010c8                DMA1_Channel2_IRQHandler
                0x00000000080010c8                FLASH_IRQHandler
                0x00000000080010c8                USART1_IRQHandler
                0x00000000080010c8                I2C1_ER_IRQHandler
                0x00000000080010c8                LPTIM1_IRQHandler
                0x00000000080010c8                DMA2_Channel3_IRQHandler
 *fill*         0x00000000080010ca        0x2 
 .text.__libc_init_array
                0x00000000080010cc       0x48 /media/christoph/ext1TB/projekte/37_RC/git-firmware-dev/AM32-MultiRotor-ESC-firmware/tools/gcc-arm-none-eabi-9-2020-q2-update/bin/../lib/gcc/arm-none-eabi/9.3.1/../../../../arm-none-eabi/lib/thumb/v7e-m/nofp/libc_nano.a(lib_a-init.o)
                0x00000000080010cc                __libc_init_array
 .text.memset   0x0000000008001114       0x10 /media/christoph/ext1TB/projekte/37_RC/git-firmware-dev/AM32-MultiRotor-ESC-firmware/tools/gcc-arm-none-eabi-9-2020-q2-update/bin/../lib/gcc/arm-none-eabi/9.3.1/../../../../arm-none-eabi/lib/thumb/v7e-m/nofp/libc_nano.a(lib_a-memset.o)
                0x0000000008001114                memset
 *(.glue_7)
 .glue_7        0x0000000008001124        0x0 linker stubs
 *(.glue_7t)
 .glue_7t       0x0000000008001124        0x0 linker stubs
 *(.eh_frame)
 .eh_frame      0x0000000008001124        0x0 /media/christoph/ext1TB/projekte/37_RC/git-firmware-dev/AM32-MultiRotor-ESC-firmware/tools/gcc-arm-none-eabi-9-2020-q2-update/bin/../lib/gcc/arm-none-eabi/9.3.1/thumb/v7e-m/nofp/crtbegin.o
 *(.init)
 .init          0x0000000008001124        0x4 /media/christoph/ext1TB/projekte/37_RC/git-firmware-dev/AM32-MultiRotor-ESC-firmware/tools/gcc-arm-none-eabi-9-2020-q2-update/bin/../lib/gcc/arm-none-eabi/9.3.1/thumb/v7e-m/nofp/crti.o
                0x0000000008001124                _init
 .init          0x0000000008001128        0x8 /media/christoph/ext1TB/projekte/37_RC/git-firmware-dev/AM32-MultiRotor-ESC-firmware/tools/gcc-arm-none-eabi-9-2020-q2-update/bin/../lib/gcc/arm-none-eabi/9.3.1/thumb/v7e-m/nofp/crtn.o
 *(.fini)
 .fini          0x0000000008001130        0x4 /media/christoph/ext1TB/projekte/37_RC/git-firmware-dev/AM32-MultiRotor-ESC-firmware/tools/gcc-arm-none-eabi-9-2020-q2-update/bin/../lib/gcc/arm-none-eabi/9.3.1/thumb/v7e-m/nofp/crti.o
                0x0000000008001130                _fini
 .fini          0x0000000008001134        0x8 /media/christoph/ext1TB/projekte/37_RC/git-firmware-dev/AM32-MultiRotor-ESC-firmware/tools/gcc-arm-none-eabi-9-2020-q2-update/bin/../lib/gcc/arm-none-eabi/9.3.1/thumb/v7e-m/nofp/crtn.o
                0x0000000008001140                . = ALIGN (0x8)
 *fill*         0x000000000800113c        0x4 
                0x0000000008001140                _etext = .

.vfp11_veneer   0x0000000008001140        0x0
 .vfp11_veneer  0x0000000008001140        0x0 linker stubs

.v4_bx          0x0000000008001140        0x0
 .v4_bx         0x0000000008001140        0x0 linker stubs

.iplt           0x0000000008001140        0x0
 .iplt          0x0000000008001140        0x0 /media/christoph/ext1TB/projekte/37_RC/git-firmware-dev/AM32-MultiRotor-ESC-firmware/tools/gcc-arm-none-eabi-9-2020-q2-update/bin/../lib/gcc/arm-none-eabi/9.3.1/thumb/v7e-m/nofp/crtbegin.o

.rodata         0x0000000008001140       0xa0
                0x0000000008001140                . = ALIGN (0x8)
 *(.rodata)
 .rodata        0x0000000008001140       0x1c build/stm32wlxx_hal_rcc.o
 *(.rodata*)
 .rodata.AHBPrescTable
                0x000000000800115c       0x40 build/system_stm32wlxx.o
                0x000000000800115c                AHBPrescTable
 .rodata.MSIRangeTable
                0x000000000800119c       0x40 build/system_stm32wlxx.o
                0x000000000800119c                MSIRangeTable
                0x00000000080011e0                . = ALIGN (0x8)
 *fill*         0x00000000080011dc        0x4 

.rel.dyn        0x00000000080011e0        0x0
 .rel.iplt      0x00000000080011e0        0x0 /media/christoph/ext1TB/projekte/37_RC/git-firmware-dev/AM32-MultiRotor-ESC-firmware/tools/gcc-arm-none-eabi-9-2020-q2-update/bin/../lib/gcc/arm-none-eabi/9.3.1/thumb/v7e-m/nofp/crtbegin.o

.ARM.extab      0x00000000080011e0        0x0
                0x00000000080011e0                . = ALIGN (0x8)
 *(.ARM.extab* .gnu.linkonce.armextab.*)
                0x00000000080011e0                . = ALIGN (0x8)

.ARM            0x00000000080011e0        0x0
                0x00000000080011e0                . = ALIGN (0x8)
                0x00000000080011e0                __exidx_start = .
 *(.ARM.exidx*)
                0x00000000080011e0                __exidx_end = .
                0x00000000080011e0                . = ALIGN (0x8)

.preinit_array  0x00000000080011e0        0x0
                0x00000000080011e0                . = ALIGN (0x8)
                0x00000000080011e0                PROVIDE (__preinit_array_start = .)
 *(.preinit_array*)
                0x00000000080011e0                PROVIDE (__preinit_array_end = .)
                0x00000000080011e0                . = ALIGN (0x8)

.init_array     0x00000000080011e0        0x8
                0x00000000080011e0                . = ALIGN (0x8)
                0x00000000080011e0                PROVIDE (__init_array_start = .)
 *(SORT_BY_NAME(.init_array.*))
 *(.init_array*)
 .init_array    0x00000000080011e0        0x4 /media/christoph/ext1TB/projekte/37_RC/git-firmware-dev/AM32-MultiRotor-ESC-firmware/tools/gcc-arm-none-eabi-9-2020-q2-update/bin/../lib/gcc/arm-none-eabi/9.3.1/thumb/v7e-m/nofp/crtbegin.o
                0x00000000080011e4                PROVIDE (__init_array_end = .)
                0x00000000080011e8                . = ALIGN (0x8)
 *fill*         0x00000000080011e4        0x4 

.fini_array     0x00000000080011e8        0x8
                0x00000000080011e8                . = ALIGN (0x8)
                [!provide]                        PROVIDE (__fini_array_start = .)
 *(SORT_BY_NAME(.fini_array.*))
 *(.fini_array*)
 .fini_array    0x00000000080011e8        0x4 /media/christoph/ext1TB/projekte/37_RC/git-firmware-dev/AM32-MultiRotor-ESC-firmware/tools/gcc-arm-none-eabi-9-2020-q2-update/bin/../lib/gcc/arm-none-eabi/9.3.1/thumb/v7e-m/nofp/crtbegin.o
                [!provide]                        PROVIDE (__fini_array_end = .)
                0x00000000080011f0                . = ALIGN (0x8)
 *fill*         0x00000000080011ec        0x4 
                0x00000000080011f0                _sidata = LOADADDR (.data)

.data           0x0000000020000000       0x10 load address 0x00000000080011f0
                0x0000000020000000                . = ALIGN (0x8)
                0x0000000020000000                _sdata = .
 *(.data)
 *(.data*)
 .data.uwTickFreq
                0x0000000020000000        0x1 build/stm32wlxx_hal.o
                0x0000000020000000                uwTickFreq
 *fill*         0x0000000020000001        0x3 
 .data.uwTickPrio
                0x0000000020000004        0x4 build/stm32wlxx_hal.o
                0x0000000020000004                uwTickPrio
 .data.SystemCoreClock
                0x0000000020000008        0x4 build/system_stm32wlxx.o
                0x0000000020000008                SystemCoreClock
                0x0000000020000010                . = ALIGN (0x8)
 *fill*         0x000000002000000c        0x4 
                0x0000000020000010                _edata = .

.igot.plt       0x0000000020000010        0x0 load address 0x0000000008001200
 .igot.plt      0x0000000020000010        0x0 /media/christoph/ext1TB/projekte/37_RC/git-firmware-dev/AM32-MultiRotor-ESC-firmware/tools/gcc-arm-none-eabi-9-2020-q2-update/bin/../lib/gcc/arm-none-eabi/9.3.1/thumb/v7e-m/nofp/crtbegin.o
                0x0000000020000010                . = ALIGN (0x8)

.bss            0x0000000020000010       0x20 load address 0x0000000008001200
                0x0000000020000010                _sbss = .
                0x0000000020000010                __bss_start__ = _sbss
 *(.bss)
 .bss           0x0000000020000010       0x1c /media/christoph/ext1TB/projekte/37_RC/git-firmware-dev/AM32-MultiRotor-ESC-firmware/tools/gcc-arm-none-eabi-9-2020-q2-update/bin/../lib/gcc/arm-none-eabi/9.3.1/thumb/v7e-m/nofp/crtbegin.o
 *(.bss*)
 *(COMMON)
 COMMON         0x000000002000002c        0x4 build/stm32wlxx_hal.o
                0x000000002000002c                uwTick
                0x0000000020000030                . = ALIGN (0x8)
                0x0000000020000030                _ebss = .
                0x0000000020000030                __bss_end__ = _ebss
                0x0000000020000030                . = ALIGN (0x8)

RAM1_region     0x0000000020000030        0x0 load address 0x0000000008001200
                0x0000000020000030                _sRAM1_region = .
 *(.RAM1_region)
                0x0000000020000030                . = ALIGN (0x8)
                0x0000000020000030                _eRAM1_region = .
                0x0000000020000030                . = ALIGN (0x8)

RAM2_region     0x0000000020008000        0x0
                0x0000000020008000                _sRAM2_region = .
 *(.RAM2_region)
                0x0000000020008000                . = ALIGN (0x8)
                0x0000000020008000                _eRAM2_region = .

._user_heap_stack
                0x0000000020000030      0x600
                0x0000000020000030                . = ALIGN (0x8)
                [!provide]                        PROVIDE (end = .)
                [!provide]                        PROVIDE (_end = .)
                0x0000000020000230                . = (. + _Min_Heap_Size)
 *fill*         0x0000000020000030      0x200 
                0x0000000020000630                . = (. + _Min_Stack_Size)
 *fill*         0x0000000020000230      0x400 
                0x0000000020000630                . = ALIGN (0x8)

/DISCARD/
 libc.a(*)
 libm.a(*)
 libgcc.a(*)

.ARM.attributes
                0x0000000000000000       0x2a
 *(.ARM.attributes)
 .ARM.attributes
                0x0000000000000000       0x1e /media/christoph/ext1TB/projekte/37_RC/git-firmware-dev/AM32-MultiRotor-ESC-firmware/tools/gcc-arm-none-eabi-9-2020-q2-update/bin/../lib/gcc/arm-none-eabi/9.3.1/thumb/v7e-m/nofp/crti.o
 .ARM.attributes
                0x000000000000001e       0x2e /media/christoph/ext1TB/projekte/37_RC/git-firmware-dev/AM32-MultiRotor-ESC-firmware/tools/gcc-arm-none-eabi-9-2020-q2-update/bin/../lib/gcc/arm-none-eabi/9.3.1/thumb/v7e-m/nofp/crtbegin.o
 .ARM.attributes
                0x000000000000004c       0x2e build/main.o
 .ARM.attributes
                0x000000000000007a       0x2e build/gpio.o
 .ARM.attributes
                0x00000000000000a8       0x2e build/stm32wlxx_it.o
 .ARM.attributes
                0x00000000000000d6       0x2e build/stm32wlxx_hal_msp.o
 .ARM.attributes
                0x0000000000000104       0x2e build/stm32wlxx_hal_pwr.o
 .ARM.attributes
                0x0000000000000132       0x2e build/stm32wlxx_hal_pwr_ex.o
 .ARM.attributes
                0x0000000000000160       0x2e build/stm32wlxx_hal_rcc.o
 .ARM.attributes
                0x000000000000018e       0x2e build/stm32wlxx_hal_gpio.o
 .ARM.attributes
                0x00000000000001bc       0x2e build/stm32wlxx_hal_cortex.o
 .ARM.attributes
                0x00000000000001ea       0x2e build/stm32wlxx_hal.o
 .ARM.attributes
                0x0000000000000218       0x2e build/system_stm32wlxx.o
 .ARM.attributes
                0x0000000000000246       0x21 build/startup_stm32wle5xx.o
 .ARM.attributes
                0x0000000000000267       0x2e /media/christoph/ext1TB/projekte/37_RC/git-firmware-dev/AM32-MultiRotor-ESC-firmware/tools/gcc-arm-none-eabi-9-2020-q2-update/bin/../lib/gcc/arm-none-eabi/9.3.1/../../../../arm-none-eabi/lib/thumb/v7e-m/nofp/libc_nano.a(lib_a-init.o)
 .ARM.attributes
                0x0000000000000295       0x2e /media/christoph/ext1TB/projekte/37_RC/git-firmware-dev/AM32-MultiRotor-ESC-firmware/tools/gcc-arm-none-eabi-9-2020-q2-update/bin/../lib/gcc/arm-none-eabi/9.3.1/../../../../arm-none-eabi/lib/thumb/v7e-m/nofp/libc_nano.a(lib_a-memset.o)
 .ARM.attributes
                0x00000000000002c3       0x1e /media/christoph/ext1TB/projekte/37_RC/git-firmware-dev/AM32-MultiRotor-ESC-firmware/tools/gcc-arm-none-eabi-9-2020-q2-update/bin/../lib/gcc/arm-none-eabi/9.3.1/thumb/v7e-m/nofp/crtn.o
OUTPUT(build/cubemx_blinky.elf elf32-littlearm)
LOAD linker stubs
LOAD /media/christoph/ext1TB/projekte/37_RC/git-firmware-dev/AM32-MultiRotor-ESC-firmware/tools/gcc-arm-none-eabi-9-2020-q2-update/bin/../lib/gcc/arm-none-eabi/9.3.1/../../../../arm-none-eabi/lib/thumb/v7e-m/nofp/libc.a
LOAD /media/christoph/ext1TB/projekte/37_RC/git-firmware-dev/AM32-MultiRotor-ESC-firmware/tools/gcc-arm-none-eabi-9-2020-q2-update/bin/../lib/gcc/arm-none-eabi/9.3.1/../../../../arm-none-eabi/lib/thumb/v7e-m/nofp/libm.a
LOAD /media/christoph/ext1TB/projekte/37_RC/git-firmware-dev/AM32-MultiRotor-ESC-firmware/tools/gcc-arm-none-eabi-9-2020-q2-update/bin/../lib/gcc/arm-none-eabi/9.3.1/thumb/v7e-m/nofp/libgcc.a

.debug_info     0x0000000000000000     0x8af0
 .debug_info    0x0000000000000000      0x896 build/main.o
 .debug_info    0x0000000000000896      0x75f build/gpio.o
 .debug_info    0x0000000000000ff5      0x357 build/stm32wlxx_it.o
 .debug_info    0x000000000000134c      0x289 build/stm32wlxx_hal_msp.o
 .debug_info    0x00000000000015d5      0xbd6 build/stm32wlxx_hal_pwr.o
 .debug_info    0x00000000000021ab     0x1218 build/stm32wlxx_hal_pwr_ex.o
 .debug_info    0x00000000000033c3     0x20c7 build/stm32wlxx_hal_rcc.o
 .debug_info    0x000000000000548a      0x8d0 build/stm32wlxx_hal_gpio.o
 .debug_info    0x0000000000005d5a     0x128f build/stm32wlxx_hal_cortex.o
 .debug_info    0x0000000000006fe9     0x14da build/stm32wlxx_hal.o
 .debug_info    0x00000000000084c3      0x60b build/system_stm32wlxx.o
 .debug_info    0x0000000000008ace       0x22 build/startup_stm32wle5xx.o

.debug_abbrev   0x0000000000000000     0x19d8
 .debug_abbrev  0x0000000000000000      0x210 build/main.o
 .debug_abbrev  0x0000000000000210      0x1f1 build/gpio.o
 .debug_abbrev  0x0000000000000401      0x123 build/stm32wlxx_it.o
 .debug_abbrev  0x0000000000000524       0xe8 build/stm32wlxx_hal_msp.o
 .debug_abbrev  0x000000000000060c      0x230 build/stm32wlxx_hal_pwr.o
 .debug_abbrev  0x000000000000083c      0x366 build/stm32wlxx_hal_pwr_ex.o
 .debug_abbrev  0x0000000000000ba2      0x36d build/stm32wlxx_hal_rcc.o
 .debug_abbrev  0x0000000000000f0f      0x255 build/stm32wlxx_hal_gpio.o
 .debug_abbrev  0x0000000000001164      0x392 build/stm32wlxx_hal_cortex.o
 .debug_abbrev  0x00000000000014f6      0x355 build/stm32wlxx_hal.o
 .debug_abbrev  0x000000000000184b      0x17b build/system_stm32wlxx.o
 .debug_abbrev  0x00000000000019c6       0x12 build/startup_stm32wle5xx.o

.debug_loc      0x0000000000000000     0x2990
 .debug_loc     0x0000000000000000       0x66 build/main.o
 .debug_loc     0x0000000000000066       0x4e build/gpio.o
 .debug_loc     0x00000000000000b4       0x20 build/stm32wlxx_it.o
 .debug_loc     0x00000000000000d4      0x281 build/stm32wlxx_hal_pwr.o
 .debug_loc     0x0000000000000355      0x872 build/stm32wlxx_hal_pwr_ex.o
 .debug_loc     0x0000000000000bc7      0xc71 build/stm32wlxx_hal_rcc.o
 .debug_loc     0x0000000000001838      0x3f3 build/stm32wlxx_hal_gpio.o
 .debug_loc     0x0000000000001c2b      0x7c6 build/stm32wlxx_hal_cortex.o
 .debug_loc     0x00000000000023f1      0x49f build/stm32wlxx_hal.o
 .debug_loc     0x0000000000002890      0x100 build/system_stm32wlxx.o

.debug_aranges  0x0000000000000000      0x5b0
 .debug_aranges
                0x0000000000000000       0x30 build/main.o
 .debug_aranges
                0x0000000000000030       0x20 build/gpio.o
 .debug_aranges
                0x0000000000000050       0x60 build/stm32wlxx_it.o
 .debug_aranges
                0x00000000000000b0       0x20 build/stm32wlxx_hal_msp.o
 .debug_aranges
                0x00000000000000d0       0x98 build/stm32wlxx_hal_pwr.o
 .debug_aranges
                0x0000000000000168      0x140 build/stm32wlxx_hal_pwr_ex.o
 .debug_aranges
                0x00000000000002a8       0x98 build/stm32wlxx_hal_rcc.o
 .debug_aranges
                0x0000000000000340       0x58 build/stm32wlxx_hal_gpio.o
 .debug_aranges
                0x0000000000000398       0xa8 build/stm32wlxx_hal_cortex.o
 .debug_aranges
                0x0000000000000440      0x120 build/stm32wlxx_hal.o
 .debug_aranges
                0x0000000000000560       0x28 build/system_stm32wlxx.o
 .debug_aranges
                0x0000000000000588       0x28 build/startup_stm32wle5xx.o

.debug_ranges   0x0000000000000000      0x5a8
 .debug_ranges  0x0000000000000000       0x20 build/main.o
 .debug_ranges  0x0000000000000020       0x10 build/gpio.o
 .debug_ranges  0x0000000000000030       0x50 build/stm32wlxx_it.o
 .debug_ranges  0x0000000000000080       0x10 build/stm32wlxx_hal_msp.o
 .debug_ranges  0x0000000000000090       0x88 build/stm32wlxx_hal_pwr.o
 .debug_ranges  0x0000000000000118      0x148 build/stm32wlxx_hal_pwr_ex.o
 .debug_ranges  0x0000000000000260       0xc0 build/stm32wlxx_hal_rcc.o
 .debug_ranges  0x0000000000000320       0x48 build/stm32wlxx_hal_gpio.o
 .debug_ranges  0x0000000000000368       0xf8 build/stm32wlxx_hal_cortex.o
 .debug_ranges  0x0000000000000460      0x110 build/stm32wlxx_hal.o
 .debug_ranges  0x0000000000000570       0x18 build/system_stm32wlxx.o
 .debug_ranges  0x0000000000000588       0x20 build/startup_stm32wle5xx.o

.debug_line     0x0000000000000000     0x5309
 .debug_line    0x0000000000000000      0x3d7 build/main.o
 .debug_line    0x00000000000003d7      0x304 build/gpio.o
 .debug_line    0x00000000000006db      0x376 build/stm32wlxx_it.o
 .debug_line    0x0000000000000a51      0x285 build/stm32wlxx_hal_msp.o
 .debug_line    0x0000000000000cd6      0x582 build/stm32wlxx_hal_pwr.o
 .debug_line    0x0000000000001258      0xab8 build/stm32wlxx_hal_pwr_ex.o
 .debug_line    0x0000000000001d10     0x1882 build/stm32wlxx_hal_rcc.o
 .debug_line    0x0000000000003592      0x76c build/stm32wlxx_hal_gpio.o
 .debug_line    0x0000000000003cfe      0x864 build/stm32wlxx_hal_cortex.o
 .debug_line    0x0000000000004562      0x994 build/stm32wlxx_hal.o
 .debug_line    0x0000000000004ef6      0x39c build/system_stm32wlxx.o
 .debug_line    0x0000000000005292       0x77 build/startup_stm32wle5xx.o

.debug_str      0x0000000000000000     0x2996
 .debug_str     0x0000000000000000      0x58f build/main.o
                                        0x5f4 (size before relaxing)
 .debug_str     0x000000000000058f      0x1d4 build/gpio.o
                                        0x55a (size before relaxing)
 .debug_str     0x0000000000000763       0xb4 build/stm32wlxx_it.o
                                        0x3b8 (size before relaxing)
 .debug_str     0x0000000000000817       0x29 build/stm32wlxx_hal_msp.o
                                        0x32d (size before relaxing)
 .debug_str     0x0000000000000840      0x3d0 build/stm32wlxx_hal_pwr.o
                                        0x78a (size before relaxing)
 .debug_str     0x0000000000000c10      0x625 build/stm32wlxx_hal_pwr_ex.o
                                        0xb78 (size before relaxing)
 .debug_str     0x0000000000001235      0x740 build/stm32wlxx_hal_rcc.o
                                        0xec2 (size before relaxing)
 .debug_str     0x0000000000001975      0x10b build/stm32wlxx_hal_gpio.o
                                        0x598 (size before relaxing)
 .debug_str     0x0000000000001a80      0x871 build/stm32wlxx_hal_cortex.o
                                        0xc51 (size before relaxing)
 .debug_str     0x00000000000022f1      0x62a build/stm32wlxx_hal.o
                                        0xfb2 (size before relaxing)
 .debug_str     0x000000000000291b       0x57 build/system_stm32wlxx.o
                                        0x4b9 (size before relaxing)
 .debug_str     0x0000000000002972       0x24 build/startup_stm32wle5xx.o
                                         0x76 (size before relaxing)

.comment        0x0000000000000000       0x4c
 .comment       0x0000000000000000       0x4c build/main.o
                                         0x4d (size before relaxing)
 .comment       0x000000000000004c       0x4d build/gpio.o
 .comment       0x000000000000004c       0x4d build/stm32wlxx_it.o
 .comment       0x000000000000004c       0x4d build/stm32wlxx_hal_msp.o
 .comment       0x000000000000004c       0x4d build/stm32wlxx_hal_pwr.o
 .comment       0x000000000000004c       0x4d build/stm32wlxx_hal_pwr_ex.o
 .comment       0x000000000000004c       0x4d build/stm32wlxx_hal_rcc.o
 .comment       0x000000000000004c       0x4d build/stm32wlxx_hal_gpio.o
 .comment       0x000000000000004c       0x4d build/stm32wlxx_hal_cortex.o
 .comment       0x000000000000004c       0x4d build/stm32wlxx_hal.o
 .comment       0x000000000000004c       0x4d build/system_stm32wlxx.o

.debug_frame    0x0000000000000000      0xb98
 .debug_frame   0x0000000000000000       0x58 build/main.o
 .debug_frame   0x0000000000000058       0x30 build/gpio.o
 .debug_frame   0x0000000000000088       0xa8 build/stm32wlxx_it.o
 .debug_frame   0x0000000000000130       0x20 build/stm32wlxx_hal_msp.o
 .debug_frame   0x0000000000000150      0x120 build/stm32wlxx_hal_pwr.o
 .debug_frame   0x0000000000000270      0x268 build/stm32wlxx_hal_pwr_ex.o
 .debug_frame   0x00000000000004d8      0x1c0 build/stm32wlxx_hal_rcc.o
 .debug_frame   0x0000000000000698       0xcc build/stm32wlxx_hal_gpio.o
 .debug_frame   0x0000000000000764      0x15c build/stm32wlxx_hal_cortex.o
 .debug_frame   0x00000000000008c0      0x25c build/stm32wlxx_hal.o
 .debug_frame   0x0000000000000b1c       0x30 build/system_stm32wlxx.o
 .debug_frame   0x0000000000000b4c       0x2c /media/christoph/ext1TB/projekte/37_RC/git-firmware-dev/AM32-MultiRotor-ESC-firmware/tools/gcc-arm-none-eabi-9-2020-q2-update/bin/../lib/gcc/arm-none-eabi/9.3.1/../../../../arm-none-eabi/lib/thumb/v7e-m/nofp/libc_nano.a(lib_a-init.o)
 .debug_frame   0x0000000000000b78       0x20 /media/christoph/ext1TB/projekte/37_RC/git-firmware-dev/AM32-MultiRotor-ESC-firmware/tools/gcc-arm-none-eabi-9-2020-q2-update/bin/../lib/gcc/arm-none-eabi/9.3.1/../../../../arm-none-eabi/lib/thumb/v7e-m/nofp/libc_nano.a(lib_a-memset.o)

Cross Reference Table

Symbol                                            File
ADC_IRQHandler                                    build/startup_stm32wle5xx.o
AES_IRQHandler                                    build/startup_stm32wle5xx.o
AHBPrescTable                                     build/system_stm32wlxx.o
                                                  build/stm32wlxx_hal_rcc_ex.o
                                                  build/stm32wlxx_hal_rcc.o
APBPrescTable                                     build/system_stm32wlxx.o
                                                  build/stm32wlxx_hal_rcc_ex.o
                                                  build/stm32wlxx_hal_rcc.o
BusFault_Handler                                  build/stm32wlxx_it.o
COMP_IRQHandler                                   build/startup_stm32wle5xx.o
DAC_IRQHandler                                    build/startup_stm32wle5xx.o
DMA1_Channel1_IRQHandler                          build/startup_stm32wle5xx.o
DMA1_Channel2_IRQHandler                          build/startup_stm32wle5xx.o
DMA1_Channel3_IRQHandler                          build/startup_stm32wle5xx.o
DMA1_Channel4_IRQHandler                          build/startup_stm32wle5xx.o
DMA1_Channel5_IRQHandler                          build/startup_stm32wle5xx.o
DMA1_Channel6_IRQHandler                          build/startup_stm32wle5xx.o
DMA1_Channel7_IRQHandler                          build/startup_stm32wle5xx.o
DMA2_Channel1_IRQHandler                          build/startup_stm32wle5xx.o
DMA2_Channel2_IRQHandler                          build/startup_stm32wle5xx.o
DMA2_Channel3_IRQHandler                          build/startup_stm32wle5xx.o
DMA2_Channel4_IRQHandler                          build/startup_stm32wle5xx.o
DMA2_Channel5_IRQHandler                          build/startup_stm32wle5xx.o
DMA2_Channel6_IRQHandler                          build/startup_stm32wle5xx.o
DMA2_Channel7_IRQHandler                          build/startup_stm32wle5xx.o
DMAMUX1_OVR_IRQHandler                            build/startup_stm32wle5xx.o
DebugMon_Handler                                  build/stm32wlxx_it.o
Default_Handler                                   build/startup_stm32wle5xx.o
EXTI0_IRQHandler                                  build/startup_stm32wle5xx.o
EXTI15_10_IRQHandler                              build/startup_stm32wle5xx.o
EXTI1_IRQHandler                                  build/startup_stm32wle5xx.o
EXTI2_IRQHandler                                  build/startup_stm32wle5xx.o
EXTI3_IRQHandler                                  build/startup_stm32wle5xx.o
EXTI4_IRQHandler                                  build/startup_stm32wle5xx.o
EXTI9_5_IRQHandler                                build/startup_stm32wle5xx.o
Error_Handler                                     build/main.o
FLASH_IRQHandler                                  build/startup_stm32wle5xx.o
FLASH_PageErase                                   build/stm32wlxx_hal_flash_ex.o
                                                  build/stm32wlxx_hal_flash.o
FLASH_WaitForLastOperation                        build/stm32wlxx_hal_flash.o
                                                  build/stm32wlxx_hal_flash_ex.o
HAL_DBGMCU_DisableDBGSleepMode                    build/stm32wlxx_hal.o
HAL_DBGMCU_DisableDBGStandbyMode                  build/stm32wlxx_hal.o
HAL_DBGMCU_DisableDBGStopMode                     build/stm32wlxx_hal.o
HAL_DBGMCU_EnableDBGSleepMode                     build/stm32wlxx_hal.o
HAL_DBGMCU_EnableDBGStandbyMode                   build/stm32wlxx_hal.o
HAL_DBGMCU_EnableDBGStopMode                      build/stm32wlxx_hal.o
HAL_DMAEx_ConfigMuxRequestGenerator               build/stm32wlxx_hal_dma_ex.o
HAL_DMAEx_ConfigMuxSync                           build/stm32wlxx_hal_dma_ex.o
HAL_DMAEx_DisableMuxRequestGenerator              build/stm32wlxx_hal_dma_ex.o
HAL_DMAEx_EnableMuxRequestGenerator               build/stm32wlxx_hal_dma_ex.o
HAL_DMAEx_MUX_IRQHandler                          build/stm32wlxx_hal_dma_ex.o
HAL_DMA_Abort                                     build/stm32wlxx_hal_dma.o
HAL_DMA_Abort_IT                                  build/stm32wlxx_hal_dma.o
HAL_DMA_DeInit                                    build/stm32wlxx_hal_dma.o
HAL_DMA_GetError                                  build/stm32wlxx_hal_dma.o
HAL_DMA_GetState                                  build/stm32wlxx_hal_dma.o
HAL_DMA_IRQHandler                                build/stm32wlxx_hal_dma.o
HAL_DMA_Init                                      build/stm32wlxx_hal_dma.o
HAL_DMA_PollForTransfer                           build/stm32wlxx_hal_dma.o
HAL_DMA_RegisterCallback                          build/stm32wlxx_hal_dma.o
HAL_DMA_Start                                     build/stm32wlxx_hal_dma.o
HAL_DMA_Start_IT                                  build/stm32wlxx_hal_dma.o
HAL_DMA_UnRegisterCallback                        build/stm32wlxx_hal_dma.o
HAL_DeInit                                        build/stm32wlxx_hal.o
HAL_Delay                                         build/stm32wlxx_hal.o
                                                  build/main.o
HAL_EXTI_ClearConfigLine                          build/stm32wlxx_hal_exti.o
HAL_EXTI_ClearPending                             build/stm32wlxx_hal_exti.o
HAL_EXTI_GenerateSWI                              build/stm32wlxx_hal_exti.o
HAL_EXTI_GetConfigLine                            build/stm32wlxx_hal_exti.o
HAL_EXTI_GetHandle                                build/stm32wlxx_hal_exti.o
HAL_EXTI_GetPending                               build/stm32wlxx_hal_exti.o
HAL_EXTI_IRQHandler                               build/stm32wlxx_hal_exti.o
HAL_EXTI_RegisterCallback                         build/stm32wlxx_hal_exti.o
HAL_EXTI_SetConfigLine                            build/stm32wlxx_hal_exti.o
HAL_FLASHEx_AllowOperation                        build/stm32wlxx_hal_flash_ex.o
HAL_FLASHEx_Erase                                 build/stm32wlxx_hal_flash_ex.o
HAL_FLASHEx_Erase_IT                              build/stm32wlxx_hal_flash_ex.o
HAL_FLASHEx_FlashEmptyCheck                       build/stm32wlxx_hal_flash_ex.o
HAL_FLASHEx_ForceFlashEmpty                       build/stm32wlxx_hal_flash_ex.o
HAL_FLASHEx_IsOperationSuspended                  build/stm32wlxx_hal_flash_ex.o
HAL_FLASHEx_OBGetConfig                           build/stm32wlxx_hal_flash_ex.o
HAL_FLASHEx_OBProgram                             build/stm32wlxx_hal_flash_ex.o
HAL_FLASHEx_SuspendOperation                      build/stm32wlxx_hal_flash_ex.o
HAL_FLASH_EndOfOperationCallback                  build/stm32wlxx_hal_flash.o
HAL_FLASH_GetError                                build/stm32wlxx_hal_flash.o
HAL_FLASH_IRQHandler                              build/stm32wlxx_hal_flash.o
HAL_FLASH_Lock                                    build/stm32wlxx_hal_flash.o
HAL_FLASH_OB_Launch                               build/stm32wlxx_hal_flash.o
HAL_FLASH_OB_Lock                                 build/stm32wlxx_hal_flash.o
HAL_FLASH_OB_Unlock                               build/stm32wlxx_hal_flash.o
HAL_FLASH_OperationErrorCallback                  build/stm32wlxx_hal_flash.o
HAL_FLASH_Program                                 build/stm32wlxx_hal_flash.o
HAL_FLASH_Program_IT                              build/stm32wlxx_hal_flash.o
HAL_FLASH_Unlock                                  build/stm32wlxx_hal_flash.o
HAL_GPIO_DeInit                                   build/stm32wlxx_hal_gpio.o
HAL_GPIO_EXTI_Callback                            build/stm32wlxx_hal_gpio.o
HAL_GPIO_EXTI_IRQHandler                          build/stm32wlxx_hal_gpio.o
HAL_GPIO_Init                                     build/stm32wlxx_hal_gpio.o
                                                  build/stm32wlxx_hal_rcc_ex.o
                                                  build/stm32wlxx_hal_rcc.o
                                                  build/gpio.o
HAL_GPIO_LockPin                                  build/stm32wlxx_hal_gpio.o
HAL_GPIO_ReadPin                                  build/stm32wlxx_hal_gpio.o
HAL_GPIO_TogglePin                                build/stm32wlxx_hal_gpio.o
                                                  build/main.o
HAL_GPIO_WritePin                                 build/stm32wlxx_hal_gpio.o
                                                  build/gpio.o
HAL_GetDEVID                                      build/stm32wlxx_hal.o
HAL_GetHalVersion                                 build/stm32wlxx_hal.o
HAL_GetREVID                                      build/stm32wlxx_hal.o
HAL_GetTick                                       build/stm32wlxx_hal.o
                                                  build/stm32wlxx_hal_dma.o
                                                  build/stm32wlxx_hal_flash.o
                                                  build/stm32wlxx_hal_rcc_ex.o
                                                  build/stm32wlxx_hal_rcc.o
HAL_GetTickFreq                                   build/stm32wlxx_hal.o
HAL_GetTickPrio                                   build/stm32wlxx_hal.o
HAL_GetUIDw0                                      build/stm32wlxx_hal.o
HAL_GetUIDw1                                      build/stm32wlxx_hal.o
HAL_GetUIDw2                                      build/stm32wlxx_hal.o
HAL_IncTick                                       build/stm32wlxx_hal.o
                                                  build/stm32wlxx_it.o
HAL_Init                                          build/stm32wlxx_hal.o
                                                  build/main.o
HAL_InitTick                                      build/stm32wlxx_hal.o
                                                  build/stm32wlxx_hal_rcc.o
HAL_MPU_ConfigRegion                              build/stm32wlxx_hal_cortex.o
HAL_MPU_Disable                                   build/stm32wlxx_hal_cortex.o
HAL_MPU_Enable                                    build/stm32wlxx_hal_cortex.o
HAL_MspDeInit                                     build/stm32wlxx_hal.o
HAL_MspInit                                       build/stm32wlxx_hal_msp.o
HAL_NVIC_ClearPendingIRQ                          build/stm32wlxx_hal_cortex.o
HAL_NVIC_DisableIRQ                               build/stm32wlxx_hal_cortex.o
HAL_NVIC_EnableIRQ                                build/stm32wlxx_hal_cortex.o
HAL_NVIC_GetActive                                build/stm32wlxx_hal_cortex.o
HAL_NVIC_GetPendingIRQ                            build/stm32wlxx_hal_cortex.o
HAL_NVIC_GetPriority                              build/stm32wlxx_hal_cortex.o
HAL_NVIC_GetPriorityGrouping                      build/stm32wlxx_hal_cortex.o
HAL_NVIC_SetPendingIRQ                            build/stm32wlxx_hal_cortex.o
HAL_NVIC_SetPriority                              build/stm32wlxx_hal_cortex.o
                                                  build/stm32wlxx_hal.o
HAL_NVIC_SetPriorityGrouping                      build/stm32wlxx_hal_cortex.o
                                                  build/stm32wlxx_hal.o
HAL_NVIC_SystemReset                              build/stm32wlxx_hal_cortex.o
HAL_PWREx_ConfigPVM                               build/stm32wlxx_hal_pwr_ex.o
HAL_PWREx_ControlVoltageScaling                   build/stm32wlxx_hal_pwr_ex.o
HAL_PWREx_DisableBORPVD_ULP                       build/stm32wlxx_hal_pwr_ex.o
HAL_PWREx_DisableBatteryCharging                  build/stm32wlxx_hal_pwr_ex.o
HAL_PWREx_DisableFlashPowerDown                   build/stm32wlxx_hal_pwr_ex.o
HAL_PWREx_DisableGPIOPullDown                     build/stm32wlxx_hal_pwr_ex.o
HAL_PWREx_DisableGPIOPullUp                       build/stm32wlxx_hal_pwr_ex.o
HAL_PWREx_DisableInternalWakeUpLine               build/stm32wlxx_hal_pwr_ex.o
HAL_PWREx_DisableLowPowerRunMode                  build/stm32wlxx_hal_pwr_ex.o
                                                  build/stm32wlxx_hal_pwr.o
HAL_PWREx_DisablePVM3                             build/stm32wlxx_hal_pwr_ex.o
HAL_PWREx_DisablePullUpPullDownConfig             build/stm32wlxx_hal_pwr_ex.o
HAL_PWREx_DisableSRAMRetention                    build/stm32wlxx_hal_pwr_ex.o
HAL_PWREx_DisableWPVD                             build/stm32wlxx_hal_pwr_ex.o
HAL_PWREx_EnableBORPVD_ULP                        build/stm32wlxx_hal_pwr_ex.o
HAL_PWREx_EnableBatteryCharging                   build/stm32wlxx_hal_pwr_ex.o
HAL_PWREx_EnableFlashPowerDown                    build/stm32wlxx_hal_pwr_ex.o
HAL_PWREx_EnableGPIOPullDown                      build/stm32wlxx_hal_pwr_ex.o
HAL_PWREx_EnableGPIOPullUp                        build/stm32wlxx_hal_pwr_ex.o
HAL_PWREx_EnableInternalWakeUpLine                build/stm32wlxx_hal_pwr_ex.o
HAL_PWREx_EnableLowPowerRunMode                   build/stm32wlxx_hal_pwr_ex.o
                                                  build/stm32wlxx_hal_pwr.o
HAL_PWREx_EnablePVM3                              build/stm32wlxx_hal_pwr_ex.o
HAL_PWREx_EnablePullUpPullDownConfig              build/stm32wlxx_hal_pwr_ex.o
HAL_PWREx_EnableSRAMRetention                     build/stm32wlxx_hal_pwr_ex.o
HAL_PWREx_EnableWPVD                              build/stm32wlxx_hal_pwr_ex.o
HAL_PWREx_EnterSHUTDOWNMode                       build/stm32wlxx_hal_pwr_ex.o
HAL_PWREx_EnterSTOP0Mode                          build/stm32wlxx_hal_pwr_ex.o
                                                  build/stm32wlxx_hal_pwr.o
HAL_PWREx_EnterSTOP1Mode                          build/stm32wlxx_hal_pwr_ex.o
                                                  build/stm32wlxx_hal_pwr.o
HAL_PWREx_EnterSTOP2Mode                          build/stm32wlxx_hal_pwr_ex.o
HAL_PWREx_GetVoltageRange                         build/stm32wlxx_hal_pwr_ex.o
                                                  build/stm32wlxx_hal_rcc.o
HAL_PWREx_PVD_PVM_IRQHandler                      build/stm32wlxx_hal_pwr_ex.o
HAL_PWREx_PVM3Callback                            build/stm32wlxx_hal_pwr_ex.o
HAL_PWREx_SMPS_GetEffectiveMode                   build/stm32wlxx_hal_pwr_ex.o
HAL_PWREx_SMPS_SetMode                            build/stm32wlxx_hal_pwr_ex.o
HAL_PWREx_SetRadioBusyPolarity                    build/stm32wlxx_hal_pwr_ex.o
HAL_PWREx_SetRadioBusyTrigger                     build/stm32wlxx_hal_pwr_ex.o
HAL_PWREx_SetRadioEOL                             build/stm32wlxx_hal_pwr_ex.o
HAL_PWREx_SetRadioIRQTrigger                      build/stm32wlxx_hal_pwr_ex.o
HAL_PWR_ConfigPVD                                 build/stm32wlxx_hal_pwr.o
HAL_PWR_DeInit                                    build/stm32wlxx_hal_pwr.o
HAL_PWR_DisableBkUpAccess                         build/stm32wlxx_hal_pwr.o
                                                  build/stm32wlxx_hal_rcc_ex.o
HAL_PWR_DisablePVD                                build/stm32wlxx_hal_pwr.o
HAL_PWR_DisableSEVOnPend                          build/stm32wlxx_hal_pwr.o
HAL_PWR_DisableSleepOnExit                        build/stm32wlxx_hal_pwr.o
HAL_PWR_DisableWakeUpPin                          build/stm32wlxx_hal_pwr.o
HAL_PWR_EnableBkUpAccess                          build/stm32wlxx_hal_pwr.o
                                                  build/stm32wlxx_hal_rcc_ex.o
                                                  build/stm32wlxx_hal_rcc.o
HAL_PWR_EnablePVD                                 build/stm32wlxx_hal_pwr.o
HAL_PWR_EnableSEVOnPend                           build/stm32wlxx_hal_pwr.o
HAL_PWR_EnableSleepOnExit                         build/stm32wlxx_hal_pwr.o
HAL_PWR_EnableWakeUpPin                           build/stm32wlxx_hal_pwr.o
HAL_PWR_EnterSLEEPMode                            build/stm32wlxx_hal_pwr.o
HAL_PWR_EnterSTANDBYMode                          build/stm32wlxx_hal_pwr.o
HAL_PWR_EnterSTOPMode                             build/stm32wlxx_hal_pwr.o
HAL_PWR_PVDCallback                               build/stm32wlxx_hal_pwr.o
                                                  build/stm32wlxx_hal_pwr_ex.o
HAL_RCCEx_DisableLSCO                             build/stm32wlxx_hal_rcc_ex.o
HAL_RCCEx_DisableLSECSS                           build/stm32wlxx_hal_rcc_ex.o
HAL_RCCEx_DisableMSIPLLMode                       build/stm32wlxx_hal_rcc_ex.o
HAL_RCCEx_EnableLSCO                              build/stm32wlxx_hal_rcc_ex.o
HAL_RCCEx_EnableLSECSS                            build/stm32wlxx_hal_rcc_ex.o
HAL_RCCEx_EnableLSECSS_IT                         build/stm32wlxx_hal_rcc_ex.o
HAL_RCCEx_EnableMSIPLLMode                        build/stm32wlxx_hal_rcc_ex.o
HAL_RCCEx_GetPeriphCLKConfig                      build/stm32wlxx_hal_rcc_ex.o
HAL_RCCEx_GetPeriphCLKFreq                        build/stm32wlxx_hal_rcc_ex.o
HAL_RCCEx_LSECSS_Callback                         build/stm32wlxx_hal_rcc_ex.o
HAL_RCCEx_LSECSS_IRQHandler                       build/stm32wlxx_hal_rcc_ex.o
HAL_RCCEx_PeriphCLKConfig                         build/stm32wlxx_hal_rcc_ex.o
HAL_RCCEx_WakeUpStopCLKConfig                     build/stm32wlxx_hal_rcc_ex.o
HAL_RCC_CSSCallback                               build/stm32wlxx_hal_rcc.o
HAL_RCC_ClockConfig                               build/stm32wlxx_hal_rcc.o
                                                  build/main.o
HAL_RCC_DeInit                                    build/stm32wlxx_hal_rcc.o
HAL_RCC_EnableCSS                                 build/stm32wlxx_hal_rcc.o
HAL_RCC_GetClockConfig                            build/stm32wlxx_hal_rcc.o
HAL_RCC_GetHCLK3Freq                              build/stm32wlxx_hal_rcc.o
HAL_RCC_GetHCLKFreq                               build/stm32wlxx_hal_rcc.o
                                                  build/stm32wlxx_hal.o
HAL_RCC_GetOscConfig                              build/stm32wlxx_hal_rcc.o
HAL_RCC_GetPCLK1Freq                              build/stm32wlxx_hal_rcc.o
HAL_RCC_GetPCLK2Freq                              build/stm32wlxx_hal_rcc.o
HAL_RCC_GetSysClockFreq                           build/stm32wlxx_hal_rcc.o
                                                  build/stm32wlxx_hal_rcc_ex.o
HAL_RCC_MCOConfig                                 build/stm32wlxx_hal_rcc.o
HAL_RCC_NMI_IRQHandler                            build/stm32wlxx_hal_rcc.o
HAL_RCC_OscConfig                                 build/stm32wlxx_hal_rcc.o
                                                  build/main.o
HAL_ResumeTick                                    build/stm32wlxx_hal.o
HAL_SYSCFG_DisableIOAnalogSwitchBooster           build/stm32wlxx_hal.o
HAL_SYSCFG_DisableVREFBUF                         build/stm32wlxx_hal.o
HAL_SYSCFG_EnableIOAnalogSwitchBooster            build/stm32wlxx_hal.o
HAL_SYSCFG_EnableVREFBUF                          build/stm32wlxx_hal.o
HAL_SYSCFG_SRAM2Erase                             build/stm32wlxx_hal.o
HAL_SYSCFG_VREFBUF_HighImpedanceConfig            build/stm32wlxx_hal.o
HAL_SYSCFG_VREFBUF_TrimmingConfig                 build/stm32wlxx_hal.o
HAL_SYSCFG_VREFBUF_VoltageScalingConfig           build/stm32wlxx_hal.o
HAL_SYSTICK_CLKSourceConfig                       build/stm32wlxx_hal_cortex.o
HAL_SYSTICK_Callback                              build/stm32wlxx_hal_cortex.o
HAL_SYSTICK_Config                                build/stm32wlxx_hal_cortex.o
                                                  build/stm32wlxx_hal.o
HAL_SYSTICK_IRQHandler                            build/stm32wlxx_hal_cortex.o
HAL_SetTickFreq                                   build/stm32wlxx_hal.o
HAL_SuspendTick                                   build/stm32wlxx_hal.o
HSEM_IRQHandler                                   build/startup_stm32wle5xx.o
HardFault_Handler                                 build/stm32wlxx_it.o
I2C1_ER_IRQHandler                                build/startup_stm32wle5xx.o
I2C1_EV_IRQHandler                                build/startup_stm32wle5xx.o
I2C2_ER_IRQHandler                                build/startup_stm32wle5xx.o
I2C2_EV_IRQHandler                                build/startup_stm32wle5xx.o
I2C3_ER_IRQHandler                                build/startup_stm32wle5xx.o
I2C3_EV_IRQHandler                                build/startup_stm32wle5xx.o
LPTIM1_IRQHandler                                 build/startup_stm32wle5xx.o
LPTIM2_IRQHandler                                 build/startup_stm32wle5xx.o
LPTIM3_IRQHandler                                 build/startup_stm32wle5xx.o
LPUART1_IRQHandler                                build/startup_stm32wle5xx.o
MSIRangeTable                                     build/system_stm32wlxx.o
                                                  build/stm32wlxx_hal_rcc_ex.o
                                                  build/stm32wlxx_hal_rcc.o
MX_GPIO_Init                                      build/gpio.o
                                                  build/main.o
MemManage_Handler                                 build/stm32wlxx_it.o
NMI_Handler                                       build/stm32wlxx_it.o
PKA_IRQHandler                                    build/startup_stm32wle5xx.o
PVD_PVM_IRQHandler                                build/startup_stm32wle5xx.o
PendSV_Handler                                    build/stm32wlxx_it.o
RCC_IRQHandler                                    build/startup_stm32wle5xx.o
RNG_IRQHandler                                    build/startup_stm32wle5xx.o
RTC_Alarm_IRQHandler                              build/startup_stm32wle5xx.o
RTC_WKUP_IRQHandler                               build/startup_stm32wle5xx.o
Reset_Handler                                     build/startup_stm32wle5xx.o
SPI1_IRQHandler                                   build/startup_stm32wle5xx.o
SPI2_IRQHandler                                   build/startup_stm32wle5xx.o
SUBGHZSPI_IRQHandler                              build/startup_stm32wle5xx.o
SUBGHZ_Radio_IRQHandler                           build/startup_stm32wle5xx.o
SVC_Handler                                       build/stm32wlxx_it.o
SysTick_Handler                                   build/stm32wlxx_it.o
SystemClock_Config                                build/main.o
SystemCoreClock                                   build/system_stm32wlxx.o
                                                  build/stm32wlxx_hal.o
                                                  build/stm32wlxx_hal_rcc.o
                                                  build/stm32wlxx_hal_pwr_ex.o
SystemCoreClockUpdate                             build/system_stm32wlxx.o
SystemInit                                        build/system_stm32wlxx.o
                                                  build/startup_stm32wle5xx.o
TAMP_STAMP_LSECSS_SSRU_IRQHandler                 build/startup_stm32wle5xx.o
TIM16_IRQHandler                                  build/startup_stm32wle5xx.o
TIM17_IRQHandler                                  build/startup_stm32wle5xx.o
TIM1_BRK_IRQHandler                               build/startup_stm32wle5xx.o
TIM1_CC_IRQHandler                                build/startup_stm32wle5xx.o
TIM1_TRG_COM_IRQHandler                           build/startup_stm32wle5xx.o
TIM1_UP_IRQHandler                                build/startup_stm32wle5xx.o
TIM2_IRQHandler                                   build/startup_stm32wle5xx.o
USART1_IRQHandler                                 build/startup_stm32wle5xx.o
USART2_IRQHandler                                 build/startup_stm32wle5xx.o
UsageFault_Handler                                build/stm32wlxx_it.o
WWDG_IRQHandler                                   build/startup_stm32wle5xx.o
__bss_end__                                       /media/christoph/ext1TB/projekte/37_RC/git-firmware-dev/AM32-MultiRotor-ESC-firmware/tools/gcc-arm-none-eabi-9-2020-q2-update/bin/../lib/gcc/arm-none-eabi/9.3.1/../../../../arm-none-eabi/lib/thumb/v7e-m/nofp/crt0.o
__bss_start__                                     /media/christoph/ext1TB/projekte/37_RC/git-firmware-dev/AM32-MultiRotor-ESC-firmware/tools/gcc-arm-none-eabi-9-2020-q2-update/bin/../lib/gcc/arm-none-eabi/9.3.1/../../../../arm-none-eabi/lib/thumb/v7e-m/nofp/crt0.o
__call_exitprocs                                  /media/christoph/ext1TB/projekte/37_RC/git-firmware-dev/AM32-MultiRotor-ESC-firmware/tools/gcc-arm-none-eabi-9-2020-q2-update/bin/../lib/gcc/arm-none-eabi/9.3.1/../../../../arm-none-eabi/lib/thumb/v7e-m/nofp/libc_nano.a(lib_a-exit.o)
__deregister_frame_info                           /media/christoph/ext1TB/projekte/37_RC/git-firmware-dev/AM32-MultiRotor-ESC-firmware/tools/gcc-arm-none-eabi-9-2020-q2-update/bin/../lib/gcc/arm-none-eabi/9.3.1/thumb/v7e-m/nofp/crtbegin.o
__dso_handle                                      /media/christoph/ext1TB/projekte/37_RC/git-firmware-dev/AM32-MultiRotor-ESC-firmware/tools/gcc-arm-none-eabi-9-2020-q2-update/bin/../lib/gcc/arm-none-eabi/9.3.1/thumb/v7e-m/nofp/crtbegin.o
__init_array_end                                  /media/christoph/ext1TB/projekte/37_RC/git-firmware-dev/AM32-MultiRotor-ESC-firmware/tools/gcc-arm-none-eabi-9-2020-q2-update/bin/../lib/gcc/arm-none-eabi/9.3.1/../../../../arm-none-eabi/lib/thumb/v7e-m/nofp/libc_nano.a(lib_a-init.o)
__init_array_start                                /media/christoph/ext1TB/projekte/37_RC/git-firmware-dev/AM32-MultiRotor-ESC-firmware/tools/gcc-arm-none-eabi-9-2020-q2-update/bin/../lib/gcc/arm-none-eabi/9.3.1/../../../../arm-none-eabi/lib/thumb/v7e-m/nofp/libc_nano.a(lib_a-init.o)
__libc_fini_array                                 /media/christoph/ext1TB/projekte/37_RC/git-firmware-dev/AM32-MultiRotor-ESC-firmware/tools/gcc-arm-none-eabi-9-2020-q2-update/bin/../lib/gcc/arm-none-eabi/9.3.1/../../../../arm-none-eabi/lib/thumb/v7e-m/nofp/crt0.o
__libc_init_array                                 /media/christoph/ext1TB/projekte/37_RC/git-firmware-dev/AM32-MultiRotor-ESC-firmware/tools/gcc-arm-none-eabi-9-2020-q2-update/bin/../lib/gcc/arm-none-eabi/9.3.1/../../../../arm-none-eabi/lib/thumb/v7e-m/nofp/libc_nano.a(lib_a-init.o)
                                                  build/startup_stm32wle5xx.o
                                                  /media/christoph/ext1TB/projekte/37_RC/git-firmware-dev/AM32-MultiRotor-ESC-firmware/tools/gcc-arm-none-eabi-9-2020-q2-update/bin/../lib/gcc/arm-none-eabi/9.3.1/../../../../arm-none-eabi/lib/thumb/v7e-m/nofp/crt0.o
__preinit_array_end                               /media/christoph/ext1TB/projekte/37_RC/git-firmware-dev/AM32-MultiRotor-ESC-firmware/tools/gcc-arm-none-eabi-9-2020-q2-update/bin/../lib/gcc/arm-none-eabi/9.3.1/../../../../arm-none-eabi/lib/thumb/v7e-m/nofp/libc_nano.a(lib_a-init.o)
__preinit_array_start                             /media/christoph/ext1TB/projekte/37_RC/git-firmware-dev/AM32-MultiRotor-ESC-firmware/tools/gcc-arm-none-eabi-9-2020-q2-update/bin/../lib/gcc/arm-none-eabi/9.3.1/../../../../arm-none-eabi/lib/thumb/v7e-m/nofp/libc_nano.a(lib_a-init.o)
__register_frame_info                             /media/christoph/ext1TB/projekte/37_RC/git-firmware-dev/AM32-MultiRotor-ESC-firmware/tools/gcc-arm-none-eabi-9-2020-q2-update/bin/../lib/gcc/arm-none-eabi/9.3.1/thumb/v7e-m/nofp/crtbegin.o
__sf_fake_stderr                                  /media/christoph/ext1TB/projekte/37_RC/git-firmware-dev/AM32-MultiRotor-ESC-firmware/tools/gcc-arm-none-eabi-9-2020-q2-update/bin/../lib/gcc/arm-none-eabi/9.3.1/../../../../arm-none-eabi/lib/thumb/v7e-m/nofp/libc_nano.a(lib_a-impure.o)
__sf_fake_stdin                                   /media/christoph/ext1TB/projekte/37_RC/git-firmware-dev/AM32-MultiRotor-ESC-firmware/tools/gcc-arm-none-eabi-9-2020-q2-update/bin/../lib/gcc/arm-none-eabi/9.3.1/../../../../arm-none-eabi/lib/thumb/v7e-m/nofp/libc_nano.a(lib_a-impure.o)
__sf_fake_stdout                                  /media/christoph/ext1TB/projekte/37_RC/git-firmware-dev/AM32-MultiRotor-ESC-firmware/tools/gcc-arm-none-eabi-9-2020-q2-update/bin/../lib/gcc/arm-none-eabi/9.3.1/../../../../arm-none-eabi/lib/thumb/v7e-m/nofp/libc_nano.a(lib_a-impure.o)
__stack                                           /media/christoph/ext1TB/projekte/37_RC/git-firmware-dev/AM32-MultiRotor-ESC-firmware/tools/gcc-arm-none-eabi-9-2020-q2-update/bin/../lib/gcc/arm-none-eabi/9.3.1/../../../../arm-none-eabi/lib/thumb/v7e-m/nofp/crt0.o
_ebss                                             build/startup_stm32wle5xx.o
_edata                                            build/startup_stm32wle5xx.o
_estack                                           build/startup_stm32wle5xx.o
_exit                                             /media/christoph/ext1TB/projekte/37_RC/git-firmware-dev/AM32-MultiRotor-ESC-firmware/tools/gcc-arm-none-eabi-9-2020-q2-update/bin/../lib/gcc/arm-none-eabi/9.3.1/../../../../arm-none-eabi/lib/thumb/v7e-m/nofp/libnosys.a(_exit.o)
                                                  /media/christoph/ext1TB/projekte/37_RC/git-firmware-dev/AM32-MultiRotor-ESC-firmware/tools/gcc-arm-none-eabi-9-2020-q2-update/bin/../lib/gcc/arm-none-eabi/9.3.1/../../../../arm-none-eabi/lib/thumb/v7e-m/nofp/libc_nano.a(lib_a-exit.o)
_fini                                             /media/christoph/ext1TB/projekte/37_RC/git-firmware-dev/AM32-MultiRotor-ESC-firmware/tools/gcc-arm-none-eabi-9-2020-q2-update/bin/../lib/gcc/arm-none-eabi/9.3.1/thumb/v7e-m/nofp/crti.o
_global_impure_ptr                                /media/christoph/ext1TB/projekte/37_RC/git-firmware-dev/AM32-MultiRotor-ESC-firmware/tools/gcc-arm-none-eabi-9-2020-q2-update/bin/../lib/gcc/arm-none-eabi/9.3.1/../../../../arm-none-eabi/lib/thumb/v7e-m/nofp/libc_nano.a(lib_a-impure.o)
                                                  /media/christoph/ext1TB/projekte/37_RC/git-firmware-dev/AM32-MultiRotor-ESC-firmware/tools/gcc-arm-none-eabi-9-2020-q2-update/bin/../lib/gcc/arm-none-eabi/9.3.1/../../../../arm-none-eabi/lib/thumb/v7e-m/nofp/libc_nano.a(lib_a-exit.o)
_impure_ptr                                       /media/christoph/ext1TB/projekte/37_RC/git-firmware-dev/AM32-MultiRotor-ESC-firmware/tools/gcc-arm-none-eabi-9-2020-q2-update/bin/../lib/gcc/arm-none-eabi/9.3.1/../../../../arm-none-eabi/lib/thumb/v7e-m/nofp/libc_nano.a(lib_a-impure.o)
_init                                             /media/christoph/ext1TB/projekte/37_RC/git-firmware-dev/AM32-MultiRotor-ESC-firmware/tools/gcc-arm-none-eabi-9-2020-q2-update/bin/../lib/gcc/arm-none-eabi/9.3.1/thumb/v7e-m/nofp/crti.o
                                                  /media/christoph/ext1TB/projekte/37_RC/git-firmware-dev/AM32-MultiRotor-ESC-firmware/tools/gcc-arm-none-eabi-9-2020-q2-update/bin/../lib/gcc/arm-none-eabi/9.3.1/../../../../arm-none-eabi/lib/thumb/v7e-m/nofp/libc_nano.a(lib_a-init.o)
_mainCRTStartup                                   /media/christoph/ext1TB/projekte/37_RC/git-firmware-dev/AM32-MultiRotor-ESC-firmware/tools/gcc-arm-none-eabi-9-2020-q2-update/bin/../lib/gcc/arm-none-eabi/9.3.1/../../../../arm-none-eabi/lib/thumb/v7e-m/nofp/crt0.o
_sbss                                             build/startup_stm32wle5xx.o
_sdata                                            build/startup_stm32wle5xx.o
_sidata                                           build/startup_stm32wle5xx.o
_stack_init                                       /media/christoph/ext1TB/projekte/37_RC/git-firmware-dev/AM32-MultiRotor-ESC-firmware/tools/gcc-arm-none-eabi-9-2020-q2-update/bin/../lib/gcc/arm-none-eabi/9.3.1/../../../../arm-none-eabi/lib/thumb/v7e-m/nofp/crt0.o
_start                                            /media/christoph/ext1TB/projekte/37_RC/git-firmware-dev/AM32-MultiRotor-ESC-firmware/tools/gcc-arm-none-eabi-9-2020-q2-update/bin/../lib/gcc/arm-none-eabi/9.3.1/../../../../arm-none-eabi/lib/thumb/v7e-m/nofp/crt0.o
atexit                                            /media/christoph/ext1TB/projekte/37_RC/git-firmware-dev/AM32-MultiRotor-ESC-firmware/tools/gcc-arm-none-eabi-9-2020-q2-update/bin/../lib/gcc/arm-none-eabi/9.3.1/../../../../arm-none-eabi/lib/thumb/v7e-m/nofp/crt0.o
exit                                              /media/christoph/ext1TB/projekte/37_RC/git-firmware-dev/AM32-MultiRotor-ESC-firmware/tools/gcc-arm-none-eabi-9-2020-q2-update/bin/../lib/gcc/arm-none-eabi/9.3.1/../../../../arm-none-eabi/lib/thumb/v7e-m/nofp/libc_nano.a(lib_a-exit.o)
                                                  /media/christoph/ext1TB/projekte/37_RC/git-firmware-dev/AM32-MultiRotor-ESC-firmware/tools/gcc-arm-none-eabi-9-2020-q2-update/bin/../lib/gcc/arm-none-eabi/9.3.1/../../../../arm-none-eabi/lib/thumb/v7e-m/nofp/crt0.o
g_pfnVectors                                      build/startup_stm32wle5xx.o
hardware_init_hook                                /media/christoph/ext1TB/projekte/37_RC/git-firmware-dev/AM32-MultiRotor-ESC-firmware/tools/gcc-arm-none-eabi-9-2020-q2-update/bin/../lib/gcc/arm-none-eabi/9.3.1/../../../../arm-none-eabi/lib/thumb/v7e-m/nofp/crt0.o
main                                              build/main.o
                                                  build/startup_stm32wle5xx.o
                                                  /media/christoph/ext1TB/projekte/37_RC/git-firmware-dev/AM32-MultiRotor-ESC-firmware/tools/gcc-arm-none-eabi-9-2020-q2-update/bin/../lib/gcc/arm-none-eabi/9.3.1/../../../../arm-none-eabi/lib/thumb/v7e-m/nofp/crt0.o
memset                                            /media/christoph/ext1TB/projekte/37_RC/git-firmware-dev/AM32-MultiRotor-ESC-firmware/tools/gcc-arm-none-eabi-9-2020-q2-update/bin/../lib/gcc/arm-none-eabi/9.3.1/../../../../arm-none-eabi/lib/thumb/v7e-m/nofp/libc_nano.a(lib_a-memset.o)
                                                  build/main.o
                                                  /media/christoph/ext1TB/projekte/37_RC/git-firmware-dev/AM32-MultiRotor-ESC-firmware/tools/gcc-arm-none-eabi-9-2020-q2-update/bin/../lib/gcc/arm-none-eabi/9.3.1/../../../../arm-none-eabi/lib/thumb/v7e-m/nofp/crt0.o
pFlash                                            build/stm32wlxx_hal_flash.o
                                                  build/stm32wlxx_hal_flash_ex.o
software_init_hook                                /media/christoph/ext1TB/projekte/37_RC/git-firmware-dev/AM32-MultiRotor-ESC-firmware/tools/gcc-arm-none-eabi-9-2020-q2-update/bin/../lib/gcc/arm-none-eabi/9.3.1/../../../../arm-none-eabi/lib/thumb/v7e-m/nofp/crt0.o
uwTick                                            build/stm32wlxx_hal.o
uwTickFreq                                        build/stm32wlxx_hal.o
uwTickPrio                                        build/stm32wlxx_hal.o
                                                  build/stm32wlxx_hal_rcc.o
